com/ibm/hybrid/cloud/sample/stocktrader/portfolio/json/Quote.class
com/ibm/hybrid/cloud/sample/stocktrader/portfolio/json/WatsonInput.class
com/ibm/hybrid/cloud/sample/stocktrader/portfolio/json/WatsonDocument.class
com/ibm/hybrid/cloud/sample/stocktrader/portfolio/client/ODMClient.class
com/ibm/hybrid/cloud/sample/stocktrader/portfolio/client/WatsonClient.class
com/ibm/hybrid/cloud/sample/stocktrader/portfolio/json/Stock.class
com/ibm/hybrid/cloud/sample/stocktrader/portfolio/json/StockPurchase.class
com/ibm/hybrid/cloud/sample/stocktrader/portfolio/EventStreamsProducer.class
com/ibm/hybrid/cloud/sample/stocktrader/portfolio/json/ODMLoyaltyRule.class
com/ibm/hybrid/cloud/sample/stocktrader/portfolio/json/Portfolio.class
com/ibm/hybrid/cloud/sample/stocktrader/portfolio/json/LoyaltyChange.class
com/ibm/hybrid/cloud/sample/stocktrader/portfolio/json/LoyaltyDecision.class
com/ibm/hybrid/cloud/sample/stocktrader/portfolio/PortfolioService.class
com/ibm/hybrid/cloud/sample/stocktrader/portfolio/json/Feedback.class
com/ibm/hybrid/cloud/sample/stocktrader/portfolio/json/WatsonTone.class
com/ibm/hybrid/cloud/sample/stocktrader/portfolio/client/StockQuoteClient.class
com/ibm/hybrid/cloud/sample/stocktrader/portfolio/json/WatsonOutput.class
